../lib/lcd/lcdDisplay.c:13:6:send_to_lcd	32	static
../lib/lcd/lcdDisplay.c:66:6:lcd_init	24	static
../lib/lcd/lcdDisplay.c:109:6:lcd_blink_off	16	static
../lib/lcd/lcdDisplay.c:114:6:lcd_blink_on	16	static
../lib/lcd/lcdDisplay.c:119:6:lcd_cursor_off	16	static
../lib/lcd/lcdDisplay.c:124:6:lcd_cursor_on	16	static
../lib/lcd/lcdDisplay.c:129:6:lcd_display_off	16	static
../lib/lcd/lcdDisplay.c:134:6:lcd_display_on	16	static
../lib/lcd/lcdDisplay.c:139:6:lcd_cmd	16	static
../lib/lcd/lcdDisplay.c:144:6:lcd_data	16	static
../lib/lcd/lcdDisplay.c:148:6:lcd_put_pos	16	static
../lib/lcd/lcdDisplay.c:173:6:lcd_send_char	16	static
../lib/lcd/lcdDisplay.c:181:6:lcd_send_string	16	static
../lib/lcd/lcdDisplay.c:186:6:lcd_send_char_pos	16	static
../lib/lcd/lcdDisplay.c:191:6:lcd_send_string_pos	24	static
../lib/lcd/lcdDisplay.c:196:6:lcd_clear_row	24	static
../lib/lcd/lcdDisplay.c:205:6:lcd_clear_all	16	static
../lib/lcd/lcdDisplay.c:210:6:lcd_create_custom_char	32	static
../lib/lcd/lcdDisplay.c:227:6:lcd_backlight_set	16	static
../lib/lcd/lcdDisplay.c:231:6:lcd_backlight_set_bright	16	static
