../lib/nrf24L01_plus/nrf24.c:19:6:nrf24_init	8	static
../lib/nrf24L01_plus/nrf24.c:27:6:nrf24_config	16	static
../lib/nrf24L01_plus/nrf24.c:66:6:nrf24_rx_address	16	static
../lib/nrf24L01_plus/nrf24.c:74:9:nrf24_payload_length	4	static
../lib/nrf24L01_plus/nrf24.c:80:6:nrf24_tx_address	16	static
../lib/nrf24L01_plus/nrf24.c:89:9:nrf24_dataReady	16	static
../lib/nrf24L01_plus/nrf24.c:105:9:nrf24_rxFifoEmpty	16	static
../lib/nrf24L01_plus/nrf24.c:115:9:nrf24_payloadLength	16	static
../lib/nrf24L01_plus/nrf24.c:126:6:nrf24_getData	16	static
../lib/nrf24L01_plus/nrf24.c:145:9:nrf24_retransmissionCount	16	static
../lib/nrf24L01_plus/nrf24.c:155:6:nrf24_send	16	static
../lib/nrf24L01_plus/nrf24.c:191:9:nrf24_isSending	16	static
../lib/nrf24L01_plus/nrf24.c:208:9:nrf24_getStatus	16	static
../lib/nrf24L01_plus/nrf24.c:217:9:nrf24_lastMessageStatus	16	static
../lib/nrf24L01_plus/nrf24.c:241:6:nrf24_powerUpRx	8	static
../lib/nrf24L01_plus/nrf24.c:254:6:nrf24_powerUpTx	8	static
../lib/nrf24L01_plus/nrf24.c:261:6:nrf24_powerDown	8	static
../lib/nrf24L01_plus/nrf24.c:268:9:spi_transfer	24	static
../lib/nrf24L01_plus/nrf24.c:278:6:nrf24_transferSync	40	static
../lib/nrf24L01_plus/nrf24.c:290:6:nrf24_transmitSync	24	static
../lib/nrf24L01_plus/nrf24.c:302:6:nrf24_configRegister	16	static
../lib/nrf24L01_plus/nrf24.c:311:6:nrf24_readRegister	16	static
../lib/nrf24L01_plus/nrf24.c:320:6:nrf24_writeRegister	16	static
