08:39:46 **** Incremental Build of configuration Debug for project display_20x4 ****
make -j4 all 
arm-none-eabi-gcc "../Core/Src/main.c" -mcpu=cortex-m4 -std=gnu11 -g3 -DDEBUG -DUSE_HAL_DRIVER -DSTM32F411xE -c -I../Core/Inc -I../Drivers/STM32F4xx_HAL_Driver/Inc -I../Drivers/STM32F4xx_HAL_Driver/Inc/Legacy -I../Drivers/CMSIS/Device/ST/STM32F4xx/Include -I../Drivers/CMSIS/Include -I"/home/etienne.lima/programacao/pasta_projeto/STM32F411/display_20x4/lib" -O0 -ffunction-sections -fdata-sections -Wall -fstack-usage -fcyclomatic-complexity -MMD -MP -MF"Core/Src/main.d" -MT"Core/Src/main.o" --specs=nano.specs -mfpu=fpv4-sp-d16 -mfloat-abi=hard -mthumb -o "Core/Src/main.o"
arm-none-eabi-gcc -o "display_20x4.elf" @"objects.list"   -mcpu=cortex-m4 -T"/home/etienne.lima/programacao/pasta_projeto/STM32F411/display_20x4/STM32F411RETX_FLASH.ld" --specs=nosys.specs -Wl,-Map="display_20x4.map" -Wl,--gc-sections -static --specs=nano.specs -mfpu=fpv4-sp-d16 -mfloat-abi=hard -mthumb -Wl,--start-group -lc -lm -Wl,--end-group
Finished building target: display_20x4.elf
 
arm-none-eabi-size  display_20x4.elf 
arm-none-eabi-objdump -h -S display_20x4.elf  > "display_20x4.list"
   text	   data	    bss	    dec	    hex	filename
  11344	     92	   1900	  13336	   3418	display_20x4.elf
Finished building: default.size.stdout
 
Finished building: display_20x4.list
 

08:39:47 Build Finished. 0 errors, 0 warnings. (took 745ms)

