08:12:12 **** Incremental Build of configuration Debug for project ex2_timer ****
make -j4 all 
arm-none-eabi-gcc "../Core/Src/main.c" -mcpu=cortex-m4 -std=gnu11 -g3 -DDEBUG -DUSE_HAL_DRIVER -DSTM32F411xE -c -I../Core/Inc -I../Drivers/STM32F4xx_HAL_Driver/Inc -I../Drivers/STM32F4xx_HAL_Driver/Inc/Legacy -I../Drivers/CMSIS/Device/ST/STM32F4xx/Include -I../Drivers/CMSIS/Include -O0 -ffunction-sections -fdata-sections -Wall -fstack-usage -fcyclomatic-complexity -MMD -MP -MF"Core/Src/main.d" -MT"Core/Src/main.o" --specs=nano.specs -mfpu=fpv4-sp-d16 -mfloat-abi=hard -mthumb -o "Core/Src/main.o"
arm-none-eabi-gcc -o "ex2_timer.elf" @"objects.list"   -mcpu=cortex-m4 -T"/home/etienne.lima/programacao/pasta_projeto/STM32F411/ex2_timer/STM32F411RETX_FLASH.ld" --specs=nosys.specs -Wl,-Map="ex2_timer.map" -Wl,--gc-sections -static --specs=nano.specs -mfpu=fpv4-sp-d16 -mfloat-abi=hard -mthumb -Wl,--start-group -lc -lm -Wl,--end-group
Finished building target: ex2_timer.elf
 
arm-none-eabi-size  ex2_timer.elf 
arm-none-eabi-objdump -h -S ex2_timer.elf  > "ex2_timer.list"
   text	   data	    bss	    dec	    hex	filename
  13280	     12	   1988	  15280	   3bb0	ex2_timer.elf
Finished building: default.size.stdout
 
Finished building: ex2_timer.list
 

08:12:12 Build Finished. 0 errors, 0 warnings. (took 595ms)

