09:33:15 **** Incremental Build of configuration Debug for project ext_project ****
make -j4 all 
arm-none-eabi-gcc "../Core/Src/main.c" -mcpu=cortex-m4 -std=gnu11 -g3 -DDEBUG -DUSE_HAL_DRIVER -DSTM32F411xE -c -I../Core/Inc -I../Drivers/STM32F4xx_HAL_Driver/Inc -I../Drivers/STM32F4xx_HAL_Driver/Inc/Legacy -I../Drivers/CMSIS/Device/ST/STM32F4xx/Include -I../Drivers/CMSIS/Include -O0 -ffunction-sections -fdata-sections -Wall -fstack-usage -fcyclomatic-complexity -MMD -MP -MF"Core/Src/main.d" -MT"Core/Src/main.o" --specs=nano.specs -mfpu=fpv4-sp-d16 -mfloat-abi=hard -mthumb -o "Core/Src/main.o"
arm-none-eabi-gcc -o "ext_project.elf" @"objects.list"   -mcpu=cortex-m4 -T"/home/etienne.lima/programacao/pasta_projeto/STM32F411/ext_project/STM32F411RETX_FLASH.ld" --specs=nosys.specs -Wl,-Map="ext_project.map" -Wl,--gc-sections -static --specs=nano.specs -mfpu=fpv4-sp-d16 -mfloat-abi=hard -mthumb -Wl,--start-group -lc -lm -Wl,--end-group
Finished building target: ext_project.elf
 
arm-none-eabi-size  ext_project.elf 
arm-none-eabi-objdump -h -S ext_project.elf  > "ext_project.list"
   text	   data	    bss	    dec	    hex	filename
   6328	     12	   1572	   7912	   1ee8	ext_project.elf
Finished building: default.size.stdout
 
Finished building: ext_project.list
 

09:33:15 Build Finished. 0 errors, 0 warnings. (took 600ms)

