13:59:56 **** Incremental Build of configuration Debug for project ex_nrf24l01 ****
make -j4 all 
arm-none-eabi-gcc "../Core/Src/main.c" -mcpu=cortex-m4 -std=gnu11 -g3 -DDEBUG -DUSE_HAL_DRIVER -DSTM32F411xE -c -I../Core/Inc -I../Drivers/STM32F4xx_HAL_Driver/Inc -I../Drivers/STM32F4xx_HAL_Driver/Inc/Legacy -I../Drivers/CMSIS/Device/ST/STM32F4xx/Include -I../Drivers/CMSIS/Include -I"/home/etienne.lima/programacao/pasta_projeto/STM32F411/ex_nrf24l01/lib/nrf24L01_plus" -I"/home/etienne.lima/programacao/pasta_projeto/STM32F411/ex_nrf24l01/lib/MAX7219_8x8_MATRIX" -O0 -ffunction-sections -fdata-sections -Wall -fstack-usage -fcyclomatic-complexity -MMD -MP -MF"Core/Src/main.d" -MT"Core/Src/main.o" --specs=nano.specs -mfpu=fpv4-sp-d16 -mfloat-abi=hard -mthumb -o "Core/Src/main.o"
arm-none-eabi-gcc -o "ex_nrf24l01.elf" @"objects.list"   -mcpu=cortex-m4 -T"/home/etienne.lima/programacao/pasta_projeto/STM32F411/ex_nrf24l01/STM32F411RETX_FLASH.ld" --specs=nosys.specs -Wl,-Map="ex_nrf24l01.map" -Wl,--gc-sections -static --specs=nano.specs -mfpu=fpv4-sp-d16 -mfloat-abi=hard -mthumb -Wl,--start-group -lc -lm -Wl,--end-group
Finished building target: ex_nrf24l01.elf
 
arm-none-eabi-size  ex_nrf24l01.elf 
arm-none-eabi-objdump -h -S ex_nrf24l01.elf  > "ex_nrf24l01.list"
   text	   data	    bss	    dec	    hex	filename
  11052	     28	   1708	  12788	   31f4	ex_nrf24l01.elf
Finished building: default.size.stdout
 
Finished building: ex_nrf24l01.list
 
